../Core/Src/main.c:46:6:CDC_Transmit	24	static
../Core/Src/main.c:59:6:handleCommutation	16	static
../Core/Src/main.c:122:6:EXTI9_5_IRQHandler	16	static
../Core/Src/main.c:159:6:BLDC_Start	24	static
../Core/Src/main.c:194:5:main	16	static
../Core/Src/main.c:228:6:SystemClock_Config	4	static
../Core/Src/main.c:275:6:TIM2_Init	4	static
../Core/Src/main.c:306:6:TIM3_Init	4	static
../Core/Src/main.c:329:6:TIM4_Init	4	static
../Core/Src/main.c:355:6:GPIO_Init	4	static
../Core/Src/main.c:416:6:USART1_UART_Init	4	static
../Core/Src/main.c:434:6:Error_Handler	8	static
